M001 run1: [5, 5, 5, 5] (14.8s)
M001 run2: [5, 5, 5, 5] (13.8s)
M001 run3: [5, 5, 5, 5] (17.1s)
M002 run1: [4, 5, 5, 5] (137.7s)
M002 run2: [4, 5, 5, 5] (17.5s)
M002 run3: [4, 5, 5, 5] (22.2s)
M003 run1: [4, 5, 5, 5] (133.2s)
M003 run2: [4, 5, 5, 5] (15.0s)
M003 run3: [4, 5, 5, 5] (15.9s)
M004 run1: [4, 5, 5, 5] (121.2s)
M004 run2: [4, 5, 5, 5] (15.5s)
M004 run3: [4, 5, 5, 5] (17.7s)
M005 run1: [4, 5, 5, 5] (125.1s)
M005 run2: [4, 5, 5, 5] (16.1s)
M005 run3: [4, 5, 5, 5] (17.0s)
M006 run1: [5, 5, 5, 5] (120.6s)
M006 run2: [5, 5, 5, 5] (19.9s)
M006 run3: [5, 5, 5, 5] (16.0s)
M007 run1: [4, 5, 5, 5] (117.6s)
M007 run2: [4, 5, 5, 5] (19.7s)
M007 run3: [4, 5, 5, 5] (15.4s)
M008 run1: [4, 5, 5, 5] (116.7s)
M008 run2: [4, 5, 5, 5] (17.1s)
M008 run3: [4, 5, 5, 5] (14.8s)
M009 run1: [5, 5, 5, 5] (113.6s)
M009 run2: [5, 5, 5, 5] (14.5s)
M009 run3: [5, 5, 5, 5] (20.7s)
M010 run1: [4, 5, 5, 5] (117.6s)
M010 run2: [4, 5, 5, 5] (17.6s)
M010 run3: [4, 5, 5, 5] (19.7s)
M011 run1: [4, 5, 5, 5] (132.5s)
M011 run2: [4, 5, 5, 5] (12.4s)
M011 run3: [4, 5, 5, 5] (17.1s)
M012 run1: [4, 5, 5, 5] (129.9s)
M012 run2: [4, 5, 5, 5] (17.3s)
M012 run3: [4, 5, 5, 5] (17.9s)
M013 run1: [4, 5, 5, 5] (124.8s)
M013 run2: [4, 5, 5, 5] (18.7s)
M013 run3: [4, 5, 5, 5] (18.2s)
M014 run1: [4, 5, 5, 5] (123.5s)
M014 run2: [4, 5, 5, 5] (17.8s)
M014 run3: [4, 5, 5, 5] (17.5s)
M015 run1: [4, 5, 5, 5] (139.9s)
M015 run2: [4, 5, 5, 5] (172.4s)
M015 run3: [4, 5, 5, 5] (17.4s)
M016 run1: [5, 5, 5, 5] (119.0s)
M016 run2: [5, 5, 5, 5] (20.5s)
M016 run3: [5, 5, 5, 5] (15.1s)
M017 run1: [4, 5, 5, 5] (118.3s)
M017 run2: [4, 5, 5, 5] (16.4s)
M017 run3: [4, 5, 5, 5] (18.9s)
M018 run1: [4, 5, 5, 5] (121.4s)
M018 run2: [4, 5, 5, 5] (14.1s)
M018 run3: [4, 5, 5, 5] (22.3s)
M019 run1: [5, 4, 5, 5] (133.2s)
M019 run2: [4, 5, 5, 5] (21.2s)
M019 run3: [4, 5, 5, 5] (18.0s)
M020 run1: [4, 5, 5, 5] (120.2s)
M020 run2: [4, 5, 5, 5] (15.7s)
M020 run3: [4, 5, 5, 5] (18.1s)
M021 run1: [4, 5, 5, 5] (113.8s)
M021 run2: [4, 5, 5, 5] (13.9s)
M021 run3: [4, 5, 5, 5] (12.6s)
M022 run1: [4, 5, 5, 5] (122.1s)
M022 run2: [4, 5, 5, 5] (17.2s)
M022 run3: [4, 5, 5, 5] (13.3s)
M023 run1: [5, 4, 5, 5] (117.5s)
M023 run2: [5, 4, 5, 5] (18.1s)
M023 run3: [5, 4, 5, 5] (14.7s)
M024 run1: [4, 5, 5, 5] (131.6s)
M024 run2: [4, 5, 5, 5] (27.2s)
M024 run3: [4, 5, 5, 5] (15.4s)
M025 run1: [4, 4, 5, 5] (128.2s)
M025 run2: [4, 5, 5, 5] (17.2s)
M025 run3: [4, 5, 5, 5] (12.5s)
M026 run1: [4, 5, 5, 5] (120.7s)
M026 run2: [4, 5, 5, 5] (15.5s)
M026 run3: [4, 5, 5, 5] (16.6s)
M027 run1: [4, 5, 5, 5] (109.8s)
M027 run2: [4, 5, 5, 5] (17.3s)
M027 run3: [4, 5, 5, 5] (14.7s)
M028 run1: [4, 5, 5, 5] (122.5s)
M028 run2: [4, 5, 5, 5] (18.9s)
M028 run3: [4, 5, 5, 5] (15.8s)
M029 run1: [4, 5, 5, 5] (110.8s)
M029 run2: [4, 5, 5, 5] (17.5s)
M029 run3: [4, 5, 5, 5] (18.8s)
M030 run1: [4, 5, 5, 5] (123.4s)
M030 run2: [4, 5, 5, 5] (18.8s)
M030 run3: [4, 5, 5, 5] (16.4s)
written llm_judge_ratings.csv 90
